###############################################################################
#
# IAR ELF Linker V8.22.1.15669/W32 for ARM                10/Apr/2018  17:37:42
# Copyright 2007-2018 IAR Systems AB.
#
#    Output file  =  
#        C:\Users\Egor\Desktop\kopter\repository\intros_controller\EWARM\universal_controller\Exe\universal_controller.out
#    Map file     =  
#        C:\Users\Egor\Desktop\kopter\repository\intros_controller\EWARM\universal_controller\List\universal_controller.map
#    Command line =  
#        -f C:\Users\Egor\AppData\Local\Temp\EW8CAE.tmp
#        (C:\Users\Egor\Desktop\kopter\repository\intros_controller\EWARM\universal_controller\Obj\base64.o
#        C:\Users\Egor\Desktop\kopter\repository\intros_controller\EWARM\universal_controller\Obj\init.o
#        C:\Users\Egor\Desktop\kopter\repository\intros_controller\EWARM\universal_controller\Obj\main.o
#        C:\Users\Egor\Desktop\kopter\repository\intros_controller\EWARM\universal_controller\Obj\nmea_parser.o
#        C:\Users\Egor\Desktop\kopter\repository\intros_controller\EWARM\universal_controller\Obj\startup_stm32f042x6.o
#        C:\Users\Egor\Desktop\kopter\repository\intros_controller\EWARM\universal_controller\Obj\state_machine.o
#        C:\Users\Egor\Desktop\kopter\repository\intros_controller\EWARM\universal_controller\Obj\stm32f0xx_hal.o
#        C:\Users\Egor\Desktop\kopter\repository\intros_controller\EWARM\universal_controller\Obj\stm32f0xx_hal_cortex.o
#        C:\Users\Egor\Desktop\kopter\repository\intros_controller\EWARM\universal_controller\Obj\stm32f0xx_hal_dma.o
#        C:\Users\Egor\Desktop\kopter\repository\intros_controller\EWARM\universal_controller\Obj\stm32f0xx_hal_flash.o
#        C:\Users\Egor\Desktop\kopter\repository\intros_controller\EWARM\universal_controller\Obj\stm32f0xx_hal_flash_ex.o
#        C:\Users\Egor\Desktop\kopter\repository\intros_controller\EWARM\universal_controller\Obj\stm32f0xx_hal_gpio.o
#        C:\Users\Egor\Desktop\kopter\repository\intros_controller\EWARM\universal_controller\Obj\stm32f0xx_hal_i2c.o
#        C:\Users\Egor\Desktop\kopter\repository\intros_controller\EWARM\universal_controller\Obj\stm32f0xx_hal_i2c_ex.o
#        C:\Users\Egor\Desktop\kopter\repository\intros_controller\EWARM\universal_controller\Obj\stm32f0xx_hal_msp.o
#        C:\Users\Egor\Desktop\kopter\repository\intros_controller\EWARM\universal_controller\Obj\stm32f0xx_hal_pcd.o
#        C:\Users\Egor\Desktop\kopter\repository\intros_controller\EWARM\universal_controller\Obj\stm32f0xx_hal_pcd_ex.o
#        C:\Users\Egor\Desktop\kopter\repository\intros_controller\EWARM\universal_controller\Obj\stm32f0xx_hal_pwr.o
#        C:\Users\Egor\Desktop\kopter\repository\intros_controller\EWARM\universal_controller\Obj\stm32f0xx_hal_pwr_ex.o
#        C:\Users\Egor\Desktop\kopter\repository\intros_controller\EWARM\universal_controller\Obj\stm32f0xx_hal_rcc.o
#        C:\Users\Egor\Desktop\kopter\repository\intros_controller\EWARM\universal_controller\Obj\stm32f0xx_hal_rcc_ex.o
#        C:\Users\Egor\Desktop\kopter\repository\intros_controller\EWARM\universal_controller\Obj\stm32f0xx_hal_tim.o
#        C:\Users\Egor\Desktop\kopter\repository\intros_controller\EWARM\universal_controller\Obj\stm32f0xx_hal_tim_ex.o
#        C:\Users\Egor\Desktop\kopter\repository\intros_controller\EWARM\universal_controller\Obj\stm32f0xx_hal_uart.o
#        C:\Users\Egor\Desktop\kopter\repository\intros_controller\EWARM\universal_controller\Obj\stm32f0xx_hal_uart_ex.o
#        C:\Users\Egor\Desktop\kopter\repository\intros_controller\EWARM\universal_controller\Obj\stm32f0xx_it.o
#        C:\Users\Egor\Desktop\kopter\repository\intros_controller\EWARM\universal_controller\Obj\system_stm32f0xx.o
#        C:\Users\Egor\Desktop\kopter\repository\intros_controller\EWARM\universal_controller\Obj\usb_device.o
#        C:\Users\Egor\Desktop\kopter\repository\intros_controller\EWARM\universal_controller\Obj\usbd_cdc.o
#        C:\Users\Egor\Desktop\kopter\repository\intros_controller\EWARM\universal_controller\Obj\usbd_cdc_if.o
#        C:\Users\Egor\Desktop\kopter\repository\intros_controller\EWARM\universal_controller\Obj\usbd_conf.o
#        C:\Users\Egor\Desktop\kopter\repository\intros_controller\EWARM\universal_controller\Obj\usbd_core.o
#        C:\Users\Egor\Desktop\kopter\repository\intros_controller\EWARM\universal_controller\Obj\usbd_ctlreq.o
#        C:\Users\Egor\Desktop\kopter\repository\intros_controller\EWARM\universal_controller\Obj\usbd_desc.o
#        C:\Users\Egor\Desktop\kopter\repository\intros_controller\EWARM\universal_controller\Obj\usbd_ioreq.o
#        -o
#        C:\Users\Egor\Desktop\kopter\repository\intros_controller\EWARM\universal_controller\Exe\universal_controller.out
#        --map
#        C:\Users\Egor\Desktop\kopter\repository\intros_controller\EWARM\universal_controller\List\universal_controller.map
#        --config
#        C:\Users\Egor\Desktop\kopter\repository\intros_controller\EWARM/stm32f042x6_flash.icf
#        --semihosting --entry __iar_program_start --vfe --text_out locale)
#
###############################################################################

*******************************************************************************
*** RUNTIME MODEL ATTRIBUTES
***

CppFlavor       = *
__SystemLibrary = DLib
__dlib_version  = 6


*******************************************************************************
*** HEAP SELECTION
***

The basic heap was selected because some modules are built with
size limitations (and not runtime checking), and --advanced_heap
was not specified.


*******************************************************************************
*** PLACEMENT SUMMARY
***

"A0":  place at 0x08000000 { ro section .intvec };
"P1":  place in [from 0x08000000 to 0x08007fff] { ro };
define block CSTACK with size = 1K, alignment = 8 { };
define block HEAP with size = 512, alignment = 8 { };
"P2":  place in [from 0x20000000 to 0x200017ff] {
          rw, block CSTACK, block HEAP };
initialize by copy { rw };

  Section            Kind        Address    Size  Object
  -------            ----        -------    ----  ------
"A0":                                       0xc0
  .intvec            ro code  0x08000000    0xc0  startup_stm32f042x6.o [1]
                            - 0x080000c0    0xc0

"P1":                                     0x2df3
  .text              ro code  0x080000c0   0xcb4  stm32f0xx_hal_pcd.o [1]
  .text              ro code  0x08000d74   0x2a8  usbd_conf.o [1]
  .text              ro code  0x0800101c    0xaa  stm32f0xx_hal_cortex.o [1]
  .text              ro code  0x080010c6   0x260  usbd_core.o [1]
  .text              ro code  0x08001326     0x2  startup_stm32f042x6.o [1]
  .text              ro code  0x08001328   0x584  main.o [1]
  .text              ro code  0x080018ac    0x3a  init.o [1]
  .text              ro code  0x080018e6    0x3a  stm32f0xx_hal_pcd_ex.o [1]
  .text              ro code  0x08001920   0x3ec  usbd_ctlreq.o [1]
  .text              ro code  0x08001d0c    0x7e  usbd_ioreq.o [1]
  .text              ro code  0x08001d8a     0x2  startup_stm32f042x6.o [1]
  .text              ro code  0x08001d8c    0x36  I32DivMod.o [5]
  .text              ro code  0x08001dc2     0x2  startup_stm32f042x6.o [1]
  .text              ro code  0x08001dc4   0x198  stm32f0xx_hal_gpio.o [1]
  .text              ro code  0x08001f5c    0x20  stm32f0xx_hal.o [1]
  .text              ro code  0x08001f7c    0xa8  usbd_cdc_if.o [1]
  .text              ro code  0x08002024   0x650  stm32f0xx_hal_rcc.o [1]
  .text              ro code  0x08002674   0x124  stm32f0xx_hal_rcc_ex.o [1]
  .text              ro code  0x08002798    0x38  usb_device.o [1]
  .text              ro code  0x080027d0     0x2  IntDivZer.o [5]
  .text              ro code  0x080027d2    0x24  stm32f0xx_hal.o [1]
  .text              ro code  0x080027f6     0x2  startup_stm32f042x6.o [1]
  .text              ro code  0x080027f8    0x4c  stm32f0xx_hal_msp.o [1]
  .text              ro code  0x08002844   0x270  usbd_cdc.o [1]
  .text              ro code  0x08002ab4     0xc  stm32f0xx_hal.o [1]
  .text              ro code  0x08002ac0    0xac  usbd_desc.o [1]
  .text              ro code  0x08002b6c    0x80  lz77_init_single.o [5]
  .text              ro code  0x08002bec    0x70  system_stm32f0xx.o [1]
  .text              ro code  0x08002c5c    0x3c  startup_stm32f042x6.o [1]
  .text              ro code  0x08002c98    0x3c  stm32f0xx_it.o [1]
  .text              ro code  0x08002cd4    0x10  stm32f0xx_hal.o [1]
  .text              ro code  0x08002ce4    0x3c  zero_init3.o [5]
  .text              ro code  0x08002d20    0x28  data_init.o [5]
  .iar.init_table    const    0x08002d48    0x20  - Linker created -
  .text              ro code  0x08002d68    0x1e  cmain.o [5]
  .text              ro code  0x08002d86     0x4  low_level_init.o [3]
  .text              ro code  0x08002d8a     0x8  exit.o [3]
  .text              ro code  0x08002d92     0x2  startup_stm32f042x6.o [1]
  .text              ro code  0x08002d94     0xa  cexit.o [5]
  .text              ro code  0x08002d9e     0x2  startup_stm32f042x6.o [1]
  .text              ro code  0x08002da0    0x14  exit.o [6]
  .text              ro code  0x08002db4     0xc  cstartup_M.o [5]
  .text              ro code  0x08002dc0     0x2  startup_stm32f042x6.o [1]
  .text              ro code  0x08002dc2     0x2  startup_stm32f042x6.o [1]
  .text              ro code  0x08002dc4     0x2  startup_stm32f042x6.o [1]
  .text              ro code  0x08002dc6     0x2  startup_stm32f042x6.o [1]
  .text              ro code  0x08002dc8     0x2  startup_stm32f042x6.o [1]
  .text              ro code  0x08002dca     0x2  startup_stm32f042x6.o [1]
  .text              ro code  0x08002dcc     0x2  startup_stm32f042x6.o [1]
  .text              ro code  0x08002dce     0x2  startup_stm32f042x6.o [1]
  .text              ro code  0x08002dd0     0x2  startup_stm32f042x6.o [1]
  .text              ro code  0x08002dd2     0x2  startup_stm32f042x6.o [1]
  .text              ro code  0x08002dd4     0x2  startup_stm32f042x6.o [1]
  .text              ro code  0x08002dd6     0x2  startup_stm32f042x6.o [1]
  .text              ro code  0x08002dd8     0x2  startup_stm32f042x6.o [1]
  .text              ro code  0x08002dda     0x2  startup_stm32f042x6.o [1]
  .text              ro code  0x08002ddc     0x2  startup_stm32f042x6.o [1]
  .text              ro code  0x08002dde     0x2  startup_stm32f042x6.o [1]
  .text              ro code  0x08002de0     0x2  startup_stm32f042x6.o [1]
  .text              ro code  0x08002de2     0x2  startup_stm32f042x6.o [1]
  .rodata            const    0x08002de4     0x0  zero_init3.o [5]
  .rodata            const    0x08002de4     0x0  lz77_init_single.o [5]
  Initializer bytes  const    0x08002de4    0xcf  <for P2-1>
                            - 0x08002eb3  0x2df3

"P2", part 1 of 3:                         0x158
  P2-1                        0x20000000   0x158  <Init block>
    .data            inited   0x20000000     0x4  system_stm32f0xx.o [1]
    .data            inited   0x20000004     0xc  usbd_cdc.o [1]
    .data            inited   0x20000010    0x38  usbd_cdc.o [1]
    .data            inited   0x20000048    0x44  usbd_cdc.o [1]
    .data            inited   0x2000008c    0x44  usbd_cdc.o [1]
    .data            inited   0x200000d0    0x44  usbd_cdc.o [1]
    .data            inited   0x20000114    0x10  usbd_cdc_if.o [1]
    .data            inited   0x20000124    0x1c  usbd_desc.o [1]
    .data            inited   0x20000140    0x14  usbd_desc.o [1]
    .data            inited   0x20000154     0x4  usbd_desc.o [1]
                            - 0x20000158   0x158

"P2", part 2 of 3:                         0xb4c
  .bss               zero     0x20000158   0x224  usb_device.o [1]
  .bss               zero     0x2000037c   0x220  usbd_conf.o [1]
  .bss               zero     0x2000059c   0x220  usbd_conf.o [1]
  .bss               zero     0x200007bc   0x200  usbd_cdc_if.o [1]
  .bss               zero     0x200009bc   0x200  usbd_desc.o [1]
  .bss               zero     0x20000bbc    0xe0  main.o [1]
  .bss               zero     0x20000c9c     0x4  stm32f0xx_hal.o [1]
  .bss               zero     0x20000ca0     0x1  usbd_cdc.o [1]
  .bss               zero     0x20000ca1     0x1  usbd_ctlreq.o [1]
                            - 0x20000ca2   0xb4a

"P2", part 3 of 3:                         0x400
  CSTACK                      0x20000ca8   0x400  <Block>
    CSTACK           uninit   0x20000ca8   0x400  <Block tail>
                            - 0x200010a8   0x400


*******************************************************************************
*** INIT TABLE
***

          Address     Size
          -------     ----
Zero (__iar_zero_init3)
    1 destination range, total size 0xb4a:
          0x20000158  0xb4a

Copy/lz77 (__iar_lz77_init_single3)
    1 source range, total size 0xcf (60% of destination):
          0x08002de4   0xcf
    1 destination range, total size 0x158:
          0x20000000  0x158



*******************************************************************************
*** MODULE SUMMARY
***

    Module                  ro code  ro data  rw data
    ------                  -------  -------  -------
C:\Users\Egor\Desktop\kopter\repository\intros_controller\EWARM\universal_controller\Obj: [1]
    init.o                       58
    main.o                    1 412               224
    startup_stm32f042x6.o       300
    stm32f0xx_hal.o              96                 4
    stm32f0xx_hal_cortex.o      170
    stm32f0xx_hal_gpio.o        408
    stm32f0xx_hal_msp.o          76
    stm32f0xx_hal_pcd.o       3 252
    stm32f0xx_hal_pcd_ex.o       58
    stm32f0xx_hal_rcc.o       1 616
    stm32f0xx_hal_rcc_ex.o      292
    stm32f0xx_it.o               60
    system_stm32f0xx.o          112        2        4
    usb_device.o                 56               548
    usbd_cdc.o                  624      164      273
    usbd_cdc_if.o               168        9      528
    usbd_conf.o                 680             1 088
    usbd_core.o                 608
    usbd_ctlreq.o             1 004                 1
    usbd_desc.o                 172       32      564
    usbd_ioreq.o                126
    -------------------------------------------------
    Total:                   11 348      207    3 234

command line: [2]
    -------------------------------------------------
    Total:

dl6M_tln.a: [3]
    exit.o                        8
    low_level_init.o              4
    -------------------------------------------------
    Total:                       12

m6M_tl.a: [4]
    -------------------------------------------------
    Total:

rt6M_tl.a: [5]
    I32DivMod.o                  54
    IntDivZer.o                   2
    cexit.o                      10
    cmain.o                      30
    cstartup_M.o                 12
    data_init.o                  40
    lz77_init_single.o          128
    zero_init3.o                 60
    -------------------------------------------------
    Total:                      336

shb_l.a: [6]
    exit.o                       20
    -------------------------------------------------
    Total:                       20

    Linker created                        32    1 024
-----------------------------------------------------
    Grand Total:             11 716      239    4 258


*******************************************************************************
*** ENTRY LIST
***

Entry                      Address   Size  Type      Object
-----                      -------   ----  ----      ------
.iar.init_table$$Base   0x08002d48          --   Gb  - Linker created -
.iar.init_table$$Limit  0x08002d68          --   Gb  - Linker created -
?main                   0x08002d69         Code  Gb  cmain.o [5]
AHBPrescTable           0x08002c4c   0x10  Data  Gb  system_stm32f0xx.o [1]
CDC_Control_FS          0x08001fa1    0x4  Code  Lc  usbd_cdc_if.o [1]
CDC_DeInit_FS           0x08001f9d    0x4  Code  Lc  usbd_cdc_if.o [1]
CDC_Init_FS             0x08001f7d   0x20  Code  Lc  usbd_cdc_if.o [1]
CDC_Receive_FS          0x08001fa5   0x40  Code  Lc  usbd_cdc_if.o [1]
CDC_Transmit_FS         0x08001fe5   0x2a  Code  Gb  usbd_cdc_if.o [1]
CSTACK$$Base            0x20000ca8          --   Gb  - Linker created -
CSTACK$$Limit           0x200010a8          --   Gb  - Linker created -
Configure_USART2        0x08001329   0x80  Code  Gb  main.o [1]
FS_Desc                 0x20000124   0x1c  Data  Gb  usbd_desc.o [1]
HAL_GPIO_Init           0x08001dc5  0x172  Code  Gb  stm32f0xx_hal_gpio.o [1]
HAL_GPIO_WritePin       0x08001f37   0x10  Code  Gb  stm32f0xx_hal_gpio.o [1]
HAL_GetTick             0x08002ab5    0xc  Code  Wk  stm32f0xx_hal.o [1]
HAL_IncTick             0x08002cd5   0x10  Code  Wk  stm32f0xx_hal.o [1]
HAL_Init                0x08001f5d   0x1a  Code  Gb  stm32f0xx_hal.o [1]
HAL_InitTick            0x080027d3   0x24  Code  Wk  stm32f0xx_hal.o [1]
HAL_MspInit             0x080027f9   0x44  Code  Gb  stm32f0xx_hal_msp.o [1]
HAL_NVIC_EnableIRQ      0x0800105f    0xe  Code  Gb  stm32f0xx_hal_cortex.o [1]
HAL_NVIC_SetPriority    0x08001057    0x8  Code  Gb  stm32f0xx_hal_cortex.o [1]
HAL_PCDEx_PMAConfig     0x080018e7   0x3a  Code  Gb  stm32f0xx_hal_pcd_ex.o [1]
HAL_PCD_DataInStageCallback
                        0x08000dd5   0x18  Code  Gb  usbd_conf.o [1]
HAL_PCD_DataOutStageCallback
                        0x08000dbb   0x1a  Code  Gb  usbd_conf.o [1]
HAL_PCD_EP_Close        0x08000575  0x14c  Code  Gb  stm32f0xx_hal_pcd.o [1]
HAL_PCD_EP_ClrStall     0x0800092f   0xa8  Code  Gb  stm32f0xx_hal_pcd.o [1]
HAL_PCD_EP_GetRxCount   0x080007bd   0x14  Code  Gb  stm32f0xx_hal_pcd.o [1]
HAL_PCD_EP_Open         0x080002ad  0x2b2  Code  Gb  stm32f0xx_hal_pcd.o [1]
HAL_PCD_EP_Receive      0x080006d5   0xde  Code  Gb  stm32f0xx_hal_pcd.o [1]
HAL_PCD_EP_SetStall     0x080008b5   0x7a  Code  Gb  stm32f0xx_hal_pcd.o [1]
HAL_PCD_EP_Transmit     0x080007d1   0xce  Code  Gb  stm32f0xx_hal_pcd.o [1]
HAL_PCD_IRQHandler      0x0800016f   0xf0  Code  Gb  stm32f0xx_hal_pcd.o [1]
HAL_PCD_Init            0x080000c1   0x9a  Code  Gb  stm32f0xx_hal_pcd.o [1]
HAL_PCD_MspInit         0x08000d75   0x32  Code  Gb  usbd_conf.o [1]
HAL_PCD_ResetCallback   0x08000dfb   0x18  Code  Gb  usbd_conf.o [1]
HAL_PCD_ResumeCallback  0x08000e33   0x24  Code  Gb  usbd_conf.o [1]
HAL_PCD_SOFCallback     0x08000ded    0xe  Code  Gb  usbd_conf.o [1]
HAL_PCD_SetAddress      0x08000281   0x2c  Code  Gb  stm32f0xx_hal_pcd.o [1]
HAL_PCD_SetupStageCallback
                        0x08000da7   0x14  Code  Gb  usbd_conf.o [1]
HAL_PCD_Start           0x0800015b   0x14  Code  Gb  stm32f0xx_hal_pcd.o [1]
HAL_PCD_SuspendCallback
                        0x08000e13   0x20  Code  Gb  usbd_conf.o [1]
HAL_RCCEx_PeriphCLKConfig
                        0x08002675  0x10c  Code  Gb  stm32f0xx_hal_rcc_ex.o [1]
HAL_RCC_ClockConfig     0x08002471  0x158  Code  Gb  stm32f0xx_hal_rcc.o [1]
HAL_RCC_GetHCLKFreq     0x08002621    0x6  Code  Gb  stm32f0xx_hal_rcc.o [1]
HAL_RCC_GetSysClockFreq
                        0x080025d1   0x50  Code  Gb  stm32f0xx_hal_rcc.o [1]
HAL_RCC_GetSysClockFreq::aPLLMULFactorTable
                        0x08002654   0x10  Data  Lc  stm32f0xx_hal_rcc.o [1]
HAL_RCC_GetSysClockFreq::aPredivFactorTable
                        0x08002664   0x10  Data  Lc  stm32f0xx_hal_rcc.o [1]
HAL_RCC_OscConfig       0x08002025  0x448  Code  Gb  stm32f0xx_hal_rcc.o [1]
HAL_SYSTICK_CLKSourceConfig
                        0x08001095   0x18  Code  Gb  stm32f0xx_hal_cortex.o [1]
HAL_SYSTICK_Config      0x0800106d   0x28  Code  Gb  stm32f0xx_hal_cortex.o [1]
HAL_SYSTICK_IRQHandler  0x080010bd    0x8  Code  Gb  stm32f0xx_hal_cortex.o [1]
HardFault_Handler       0x08002c9b    0x2  Code  Gb  stm32f0xx_it.o [1]
MX_USB_DEVICE_Init      0x08002799   0x38  Code  Gb  usb_device.o [1]
NMI_Handler             0x08002c99    0x2  Code  Gb  stm32f0xx_it.o [1]
NVIC_SetPriority        0x0800101d   0x3a  Code  Lc  stm32f0xx_hal_cortex.o [1]
PCD_EP_ISR_Handler      0x08000a49  0x306  Code  Lc  stm32f0xx_hal_pcd.o [1]
PCD_ReadPMA             0x08000a21   0x28  Code  Gb  stm32f0xx_hal_pcd.o [1]
PCD_WritePMA            0x080009fd   0x24  Code  Gb  stm32f0xx_hal_pcd.o [1]
PendSV_Handler          0x08002c9f    0x2  Code  Gb  stm32f0xx_it.o [1]
Region$$Table$$Base     0x08002d48          --   Gb  - Linker created -
Region$$Table$$Limit    0x08002d68          --   Gb  - Linker created -
SVC_Handler             0x08002c9d    0x2  Code  Gb  stm32f0xx_it.o [1]
SysTick_Handler         0x08002ca1    0xc  Code  Gb  stm32f0xx_it.o [1]
SystemClock_Config      0x08001775   0x8a  Code  Gb  main.o [1]
SystemCoreClock         0x20000000    0x4  Data  Gb  system_stm32f0xx.o [1]
SystemInit              0x08002bed   0x48  Code  Gb  system_stm32f0xx.o [1]
TIM17_IRQHandler        0x08002cb7   0x14  Code  Gb  stm32f0xx_it.o [1]
USART2_IRQHandler       0x080017ff   0x26  Code  Gb  main.o [1]
USBD_CDC                0x20000010   0x38  Data  Gb  usbd_cdc.o [1]
USBD_CDC_CfgFSDesc      0x2000008c   0x44  Data  Gb  usbd_cdc.o [1]
USBD_CDC_CfgHSDesc      0x20000048   0x44  Data  Gb  usbd_cdc.o [1]
USBD_CDC_DataIn         0x08002977   0x1a  Code  Lc  usbd_cdc.o [1]
USBD_CDC_DataOut        0x08002991   0x30  Code  Lc  usbd_cdc.o [1]
USBD_CDC_DeInit         0x080028d1   0x3a  Code  Lc  usbd_cdc.o [1]
USBD_CDC_DeviceQualifierDesc
                        0x20000004    0xc  Data  Lc  usbd_cdc.o [1]
USBD_CDC_EP0_RxReady    0x080029c1   0x2a  Code  Lc  usbd_cdc.o [1]
USBD_CDC_GetDeviceQualifierDescriptor
                        0x08002a03    0x8  Code  Gb  usbd_cdc.o [1]
USBD_CDC_GetFSCfgDesc   0x080029eb    0x8  Code  Lc  usbd_cdc.o [1]
USBD_CDC_GetHSCfgDesc   0x080029f3    0x8  Code  Lc  usbd_cdc.o [1]
USBD_CDC_GetOtherSpeedCfgDesc
                        0x080029fb    0x8  Code  Lc  usbd_cdc.o [1]
USBD_CDC_Init           0x08002845   0x8c  Code  Lc  usbd_cdc.o [1]
USBD_CDC_OtherSpeedCfgDesc
                        0x200000d0   0x44  Data  Gb  usbd_cdc.o [1]
USBD_CDC_ReceivePacket  0x08002a87   0x2e  Code  Gb  usbd_cdc.o [1]
USBD_CDC_RegisterInterface
                        0x08002a21   0x12  Code  Gb  usbd_cdc.o [1]
USBD_CDC_SetRxBuffer    0x08002a45    0xe  Code  Gb  usbd_cdc.o [1]
USBD_CDC_SetTxBuffer    0x08002a33   0x12  Code  Gb  usbd_cdc.o [1]
USBD_CDC_Setup          0x0800290b   0x6c  Code  Lc  usbd_cdc.o [1]
USBD_CDC_Setup::ifalt   0x20000ca0    0x1  Data  Lc  usbd_cdc.o [1]
USBD_CDC_TransmitPacket
                        0x08002a53   0x34  Code  Gb  usbd_cdc.o [1]
USBD_ClrClassConfig     0x0800112f    0xa  Code  Gb  usbd_core.o [1]
USBD_CtlContinueRx      0x08001d53    0x8  Code  Gb  usbd_ioreq.o [1]
USBD_CtlContinueSendData
                        0x08001d29    0x8  Code  Gb  usbd_ioreq.o [1]
USBD_CtlError           0x08001cb5   0x14  Code  Gb  usbd_ctlreq.o [1]
USBD_CtlPrepareRx       0x08001d31   0x22  Code  Gb  usbd_ioreq.o [1]
USBD_CtlReceiveStatus   0x08001d73    0xe  Code  Gb  usbd_ioreq.o [1]
USBD_CtlSendData        0x08001d0d   0x1c  Code  Gb  usbd_ioreq.o [1]
USBD_CtlSendStatus      0x08001d5b    0xe  Code  Gb  usbd_ioreq.o [1]
USBD_FS_ConfigStrDescriptor
                        0x08002b05    0x8  Code  Gb  usbd_desc.o [1]
USBD_FS_DeviceDesc      0x20000140   0x14  Data  Gb  usbd_desc.o [1]
USBD_FS_DeviceDescriptor
                        0x08002ac1    0x8  Code  Gb  usbd_desc.o [1]
USBD_FS_InterfaceStrDescriptor
                        0x08002b0d    0x8  Code  Gb  usbd_desc.o [1]
USBD_FS_LangIDStrDescriptor
                        0x08002ac9    0x8  Code  Gb  usbd_desc.o [1]
USBD_FS_ManufacturerStrDescriptor
                        0x08002ad9    0xc  Code  Gb  usbd_desc.o [1]
USBD_FS_ProductStrDescriptor
                        0x08002ad1    0x8  Code  Gb  usbd_desc.o [1]
USBD_FS_SerialStrDescriptor
                        0x08002ae5    0x6  Code  Gb  usbd_desc.o [1]
USBD_GetDescriptor      0x08001b8d  0x100  Code  Lc  usbd_ctlreq.o [1]
USBD_GetString          0x08001cc9   0x44  Code  Gb  usbd_ctlreq.o [1]
USBD_Init               0x080010c7   0x2e  Code  Gb  usbd_core.o [1]
USBD_Interface_fops_FS  0x20000114   0x10  Data  Gb  usbd_cdc_if.o [1]
USBD_LL_ClearStallEP    0x08000f31   0x10  Code  Gb  usbd_conf.o [1]
USBD_LL_CloseEP         0x08000f11   0x10  Code  Gb  usbd_conf.o [1]
USBD_LL_DataInStage     0x080011fd   0x9c  Code  Gb  usbd_core.o [1]
USBD_LL_DataOutStage    0x08001193   0x6a  Code  Gb  usbd_core.o [1]
USBD_LL_GetRxDataSize   0x08000fa5    0xe  Code  Gb  usbd_conf.o [1]
USBD_LL_Init            0x08000e59   0x82  Code  Gb  usbd_conf.o [1]
USBD_LL_IsStallEP       0x08000f41   0x24  Code  Gb  usbd_conf.o [1]
USBD_LL_OpenEP          0x08000efb   0x16  Code  Gb  usbd_conf.o [1]
USBD_LL_PrepareReceive  0x08000f95   0x10  Code  Gb  usbd_conf.o [1]
USBD_LL_Reset           0x08001299   0x44  Code  Gb  usbd_core.o [1]
USBD_LL_Resume          0x080012f5    0xe  Code  Gb  usbd_core.o [1]
USBD_LL_SOF             0x08001303   0x1c  Code  Gb  usbd_core.o [1]
USBD_LL_SetSpeed        0x080012dd    0x6  Code  Gb  usbd_core.o [1]
USBD_LL_SetUSBAddress   0x08000f65   0x10  Code  Gb  usbd_conf.o [1]
USBD_LL_SetupStage      0x08001139   0x5a  Code  Gb  usbd_core.o [1]
USBD_LL_StallEP         0x08000f21   0x10  Code  Gb  usbd_conf.o [1]
USBD_LL_Start           0x08000edb    0xe  Code  Gb  usbd_conf.o [1]
USBD_LL_Suspend         0x080012e3   0x12  Code  Gb  usbd_core.o [1]
USBD_LL_Transmit        0x08000f75    0xe  Code  Gb  usbd_conf.o [1]
USBD_LangIDDesc         0x20000154    0x4  Data  Gb  usbd_desc.o [1]
USBD_ParseSetupRequest  0x08001c8d   0x28  Code  Gb  usbd_ctlreq.o [1]
USBD_RegisterClass      0x080010f5   0x14  Code  Gb  usbd_core.o [1]
USBD_SetClassConfig     0x08001113   0x1c  Code  Gb  usbd_core.o [1]
USBD_SetConfig::cfgidx  0x20000ca1    0x1  Data  Lc  usbd_ctlreq.o [1]
USBD_Start              0x08001109    0xa  Code  Gb  usbd_core.o [1]
USBD_StdDevReq          0x08001921  0x148  Code  Gb  usbd_ctlreq.o [1]
USBD_StdEPReq           0x08001aa7   0xe4  Code  Gb  usbd_ctlreq.o [1]
USBD_StdItfReq          0x08001a6d   0x3a  Code  Gb  usbd_ctlreq.o [1]
USBD_StrDesc            0x200009bc  0x200  Data  Gb  usbd_desc.o [1]
USBD_static_free        0x08000fcd    0x2  Code  Gb  usbd_conf.o [1]
USBD_static_malloc      0x08000fb3    0x4  Code  Gb  usbd_conf.o [1]
USBD_static_malloc::mem
                        0x2000059c  0x220  Data  Lc  usbd_conf.o [1]
USB_IRQHandler          0x08002cad    0xa  Code  Gb  stm32f0xx_it.o [1]
UserRxBufferFS          0x200007bc  0x100  Data  Gb  usbd_cdc_if.o [1]
UserTxBufferFS          0x200008bc  0x100  Data  Gb  usbd_cdc_if.o [1]
_Error_Handler          0x080018e5    0x2  Code  Gb  init.o [1]
__ICFEDIT_region_RAM_end__ {Abs}
                        0x200017ff         Data  Gb  command line/config [2]
__ICFEDIT_region_RAM_start__ {Abs}
                        0x20000000         Data  Gb  command line/config [2]
__aeabi_idiv0           0x080027d1         Code  Gb  IntDivZer.o [5]
__cmain                 0x08002d69         Code  Gb  cmain.o [5]
__exit                  0x08002da1   0x14  Code  Gb  exit.o [6]
__iar_data_init3        0x08002d21   0x28  Code  Gb  data_init.o [5]
__iar_lz77_init_single3
                        0x08002b6d   0x80  Code  Gb  lz77_init_single.o [5]
__iar_program_start     0x08002db5         Code  Gb  cstartup_M.o [5]
__iar_small_uidiv       0x08001d8d         Code  Gb  I32DivMod.o [5]
__iar_small_uidivmod    0x08001d8d         Code  Gb  I32DivMod.o [5]
__iar_systems$$module {Abs}
                        0x00000001         Data  Gb  command line/config [2]
__iar_zero_init3        0x08002ce5   0x3c  Code  Gb  zero_init3.o [5]
__low_level_init        0x08002d87    0x4  Code  Gb  low_level_init.o [3]
__vector_table          0x08000000         Data  Gb  startup_stm32f042x6.o [1]
_call_main              0x08002d75         Code  Gb  cmain.o [5]
_exit                   0x08002d95         Code  Gb  cexit.o [5]
_main                   0x08002d83         Code  Gb  cmain.o [5]
ch                      0x20000bbc    0x1  Data  Gb  main.o [1]
cmd_buff                0x20000c38   0x64  Data  Gb  main.o [1]
cmd_buff2               0x20000bc0   0x64  Data  Gb  main.o [1]
delay_ms                0x080014a5   0x1a  Code  Gb  main.o [1]
exit                    0x08002d8b    0x8  Code  Gb  exit.o [3]
flagrx                  0x20000c24    0x4  Data  Gb  main.o [1]
flagusbrx               0x20000c28    0x4  Data  Gb  main.o [1]
hUsbDeviceFS            0x20000158  0x224  Data  Gb  usb_device.o [1]
hpcd_USB_FS             0x2000037c  0x220  Data  Gb  usbd_conf.o [1]
ind1                    0x20000c2c    0x4  Data  Gb  main.o [1]
ind2                    0x20000c30    0x4  Data  Gb  main.o [1]
initFreeLineDetectTim   0x080013ed   0x2c  Code  Gb  main.o [1]
init_mcu                0x080018ad   0x2e  Code  Gb  init.o [1]
introsOn                0x08001569   0xea  Code  Gb  main.o [1]
main                    0x0800166d  0x104  Code  Gb  main.o [1]
off_state_counter       0x20000c34    0x4  Data  Gb  main.o [1]
pushRxInBuff            0x08001485   0x20  Code  Gb  main.o [1]
restartFreeLineDetectTim
                        0x08001419   0x2a  Code  Gb  main.o [1]
sendString              0x080014bf   0x98  Code  Gb  main.o [1]
sendUart2               0x080013a9   0x44  Code  Gb  main.o [1]
txAndRxByte             0x08001443   0x42  Code  Gb  main.o [1]
uwTick                  0x20000c9c    0x4  Data  Gb  stm32f0xx_hal.o [1]


[1] = C:\Users\Egor\Desktop\kopter\repository\intros_controller\EWARM\universal_controller\Obj
[2] = command line
[3] = dl6M_tln.a
[4] = m6M_tl.a
[5] = rt6M_tl.a
[6] = shb_l.a

  11 716 bytes of readonly  code memory
     239 bytes of readonly  data memory
   4 258 bytes of readwrite data memory

Errors: none
Warnings: none
